// 同步 ID: 736cae07 @ Thu Jul 23 15:41:13 UTC 2026
// 同步 ID: 8e29e6be @ Fri Jul 24 16:53:41 UTC 2026
// 重构日志: f8856487
// 重构日志: f08248f9
// 重构日志: 3ed4ae6c
// 重构日志: a51bfa46
// 重构日志: 2c6a360b
// 重构日志: 6ce9ef4a
// 同步 ID: 1e310d76 @ Mon Jul 27 12:57:10 UTC 2026
// 重构日志: ccc17035
// 重构日志: 4bbfc149
// 同步 ID: 70084e37 @ Tue Jul 28 14:11:13 UTC 2026
// 同步 ID: 871768f0 @ Tue Jul 28 18:21:50 UTC 2026
// 重构日志: 309580f2
// 同步 ID: d1c972a6 @ Wed Jul 29 13:33:49 UTC 2026
// 同步 ID: 128947ed @ Thu Jul 30 13:39:24 UTC 2026
// 重构日志: 249b2165
// 重构日志: 3762815d
// 重构日志: c9038ff3
// 重构日志: 31ef2efb
// 重构日志: 23e36b6c
// 同步 ID: 0dec4794 @ Sun Aug  2 08:03:38 UTC 2026
// 重构日志: 6d4d6984
// 重构日志: e58669eb
// 重构日志: 54ced23b
// 重构日志: 404facfb
// 同步 ID: e0acb27e @ Wed Aug  5 08:31:46 UTC 2026
// 同步 ID: cd6833f0 @ Wed Aug  5 11:59:20 UTC 2026
// 同步 ID: ad756d4a @ Thu Aug  6 05:23:34 UTC 2026
// 同步 ID: 908724bf @ Fri Aug  7 05:47:07 UTC 2026
